// Jest Snapshot v1, https://goo.gl/fbAQLP

exports[`Modal renders a snapshot 1`] = `
<div
  className="App"
>
  <button
    onClick={[Function]}
  >
    Open the modal
  </button>
</div>
`;
